ggml_cuda_init: found 4 ROCm devices (Total VRAM: 130496 MiB):
  Device 0: AMD Radeon AI PRO R9700, gfx1201 (0x1201), VMM: no, Wave Size: 32, VRAM: 32624 MiB
  Device 1: AMD Radeon AI PRO R9700, gfx1201 (0x1201), VMM: no, Wave Size: 32, VRAM: 32624 MiB
  Device 2: AMD Radeon AI PRO R9700, gfx1201 (0x1201), VMM: no, Wave Size: 32, VRAM: 32624 MiB
  Device 3: AMD Radeon AI PRO R9700, gfx1201 (0x1201), VMM: no, Wave Size: 32, VRAM: 32624 MiB
| model                          |       size |     params | backend    | ngl | ts           |         lm |            test |                  t/s |
| ------------------------------ | ---------: | ---------: | ---------- | --: | ------------ | ---------: | --------------: | -------------------: |
| qwen3moe 235B.A22B Q3_K - Medium |  96.59 GiB |   235.09 B | ROCm       | 999 | 1.00/1.00/1.00/1.00 |        dio |           pp512 |        619.60 ± 0.00 |
| qwen3moe 235B.A22B Q3_K - Medium |  96.59 GiB |   235.09 B | ROCm       | 999 | 1.00/1.00/1.00/1.00 |        dio |           tg128 |         32.73 ± 0.00 |

build: 680a036 (265)

----------------------------------------------------------------------
ggml_cuda_init: found 4 ROCm devices (Total VRAM: 130496 MiB):
  Device 0: AMD Radeon AI PRO R9700, gfx1201 (0x1201), VMM: no, Wave Size: 32, VRAM: 32624 MiB
  Device 1: AMD Radeon AI PRO R9700, gfx1201 (0x1201), VMM: no, Wave Size: 32, VRAM: 32624 MiB
  Device 2: AMD Radeon AI PRO R9700, gfx1201 (0x1201), VMM: no, Wave Size: 32, VRAM: 32624 MiB
  Device 3: AMD Radeon AI PRO R9700, gfx1201 (0x1201), VMM: no, Wave Size: 32, VRAM: 32624 MiB
| model                          |       size |     params | backend    | ngl | ts           |         lm |            test |                  t/s |
| ------------------------------ | ---------: | ---------: | ---------- | --: | ------------ | ---------: | --------------: | -------------------: |
| qwen3moe 235B.A22B Q3_K - Medium |  96.59 GiB |   235.09 B | ROCm       | 999 | 1.00/1.00/1.00/1.00 |        dio |           pp512 |        620.18 ± 0.00 |
| qwen3moe 235B.A22B Q3_K - Medium |  96.59 GiB |   235.09 B | ROCm       | 999 | 1.00/1.00/1.00/1.00 |        dio |           tg128 |         32.75 ± 0.00 |

build: 680a036 (265)

----------------------------------------------------------------------
ggml_cuda_init: found 4 ROCm devices (Total VRAM: 130496 MiB):
  Device 0: AMD Radeon AI PRO R9700, gfx1201 (0x1201), VMM: no, Wave Size: 32, VRAM: 32624 MiB
  Device 1: AMD Radeon AI PRO R9700, gfx1201 (0x1201), VMM: no, Wave Size: 32, VRAM: 32624 MiB
  Device 2: AMD Radeon AI PRO R9700, gfx1201 (0x1201), VMM: no, Wave Size: 32, VRAM: 32624 MiB
  Device 3: AMD Radeon AI PRO R9700, gfx1201 (0x1201), VMM: no, Wave Size: 32, VRAM: 32624 MiB
| model                          |       size |     params | backend    | ngl | ts           |         lm |            test |                  t/s |
| ------------------------------ | ---------: | ---------: | ---------- | --: | ------------ | ---------: | --------------: | -------------------: |
| qwen3moe 235B.A22B Q3_K - Medium |  96.59 GiB |   235.09 B | ROCm       | 999 | 1.00/1.00/1.00/1.00 |        dio |           pp512 |        618.39 ± 0.00 |
| qwen3moe 235B.A22B Q3_K - Medium |  96.59 GiB |   235.09 B | ROCm       | 999 | 1.00/1.00/1.00/1.00 |        dio |           tg128 |         32.74 ± 0.00 |

build: 680a036 (265)

----------------------------------------------------------------------
ggml_cuda_init: found 4 ROCm devices (Total VRAM: 130496 MiB):
  Device 0: AMD Radeon AI PRO R9700, gfx1201 (0x1201), VMM: no, Wave Size: 32, VRAM: 32624 MiB
  Device 1: AMD Radeon AI PRO R9700, gfx1201 (0x1201), VMM: no, Wave Size: 32, VRAM: 32624 MiB
  Device 2: AMD Radeon AI PRO R9700, gfx1201 (0x1201), VMM: no, Wave Size: 32, VRAM: 32624 MiB
  Device 3: AMD Radeon AI PRO R9700, gfx1201 (0x1201), VMM: no, Wave Size: 32, VRAM: 32624 MiB
| model                          |       size |     params | backend    | ngl | ts           |         lm |            test |                  t/s |
| ------------------------------ | ---------: | ---------: | ---------- | --: | ------------ | ---------: | --------------: | -------------------: |
| qwen3moe 235B.A22B Q3_K - Medium |  96.59 GiB |   235.09 B | ROCm       | 999 | 1.00/1.00/1.00/1.00 |        dio |          pp4096 |        586.21 ± 0.00 |
| qwen3moe 235B.A22B Q3_K - Medium |  96.59 GiB |   235.09 B | ROCm       | 999 | 1.00/1.00/1.00/1.00 |        dio |          tg1024 |         32.59 ± 0.00 |

build: 680a036 (265)

----------------------------------------------------------------------
ggml_cuda_init: found 4 ROCm devices (Total VRAM: 130496 MiB):
  Device 0: AMD Radeon AI PRO R9700, gfx1201 (0x1201), VMM: no, Wave Size: 32, VRAM: 32624 MiB
  Device 1: AMD Radeon AI PRO R9700, gfx1201 (0x1201), VMM: no, Wave Size: 32, VRAM: 32624 MiB
  Device 2: AMD Radeon AI PRO R9700, gfx1201 (0x1201), VMM: no, Wave Size: 32, VRAM: 32624 MiB
  Device 3: AMD Radeon AI PRO R9700, gfx1201 (0x1201), VMM: no, Wave Size: 32, VRAM: 32624 MiB
| model                          |       size |     params | backend    | ngl | ts           |         lm |            test |                  t/s |
| ------------------------------ | ---------: | ---------: | ---------- | --: | ------------ | ---------: | --------------: | -------------------: |
| qwen3moe 235B.A22B Q3_K - Medium |  96.59 GiB |   235.09 B | ROCm       | 999 | 1.00/1.00/1.00/1.00 |        dio |          pp4096 |        583.18 ± 0.00 |
| qwen3moe 235B.A22B Q3_K - Medium |  96.59 GiB |   235.09 B | ROCm       | 999 | 1.00/1.00/1.00/1.00 |        dio |          tg1024 |         32.57 ± 0.00 |

build: 680a036 (265)

----------------------------------------------------------------------
ggml_cuda_init: found 4 ROCm devices (Total VRAM: 130496 MiB):
  Device 0: AMD Radeon AI PRO R9700, gfx1201 (0x1201), VMM: no, Wave Size: 32, VRAM: 32624 MiB
  Device 1: AMD Radeon AI PRO R9700, gfx1201 (0x1201), VMM: no, Wave Size: 32, VRAM: 32624 MiB
  Device 2: AMD Radeon AI PRO R9700, gfx1201 (0x1201), VMM: no, Wave Size: 32, VRAM: 32624 MiB
  Device 3: AMD Radeon AI PRO R9700, gfx1201 (0x1201), VMM: no, Wave Size: 32, VRAM: 32624 MiB
| model                          |       size |     params | backend    | ngl | ts           |         lm |            test |                  t/s |
| ------------------------------ | ---------: | ---------: | ---------- | --: | ------------ | ---------: | --------------: | -------------------: |
| qwen3moe 235B.A22B Q3_K - Medium |  96.59 GiB |   235.09 B | ROCm       | 999 | 1.00/1.00/1.00/1.00 |        dio |          pp4096 |        580.41 ± 0.00 |
| qwen3moe 235B.A22B Q3_K - Medium |  96.59 GiB |   235.09 B | ROCm       | 999 | 1.00/1.00/1.00/1.00 |        dio |          tg1024 |         32.56 ± 0.00 |

build: 680a036 (265)

----------------------------------------------------------------------
