ggml_cuda_init: found 4 ROCm devices (Total VRAM: 130496 MiB):
  Device 0: AMD Radeon AI PRO R9700, gfx1201 (0x1201), VMM: no, Wave Size: 32, VRAM: 32624 MiB
  Device 1: AMD Radeon AI PRO R9700, gfx1201 (0x1201), VMM: no, Wave Size: 32, VRAM: 32624 MiB
  Device 2: AMD Radeon AI PRO R9700, gfx1201 (0x1201), VMM: no, Wave Size: 32, VRAM: 32624 MiB
  Device 3: AMD Radeon AI PRO R9700, gfx1201 (0x1201), VMM: no, Wave Size: 32, VRAM: 32624 MiB
| model                          |       size |     params | backend    | ngl | ts           |         lm |            test |                  t/s |
| ------------------------------ | ---------: | ---------: | ---------- | --: | ------------ | ---------: | --------------: | -------------------: |
| deepseek4 ?B IQ3_XXS - 3.0625 bpw |  95.92 GiB |   284.33 B | ROCm       | 999 | 1.00/1.00/1.00/1.00 |        dio |           pp512 |        513.64 ± 0.00 |
| deepseek4 ?B IQ3_XXS - 3.0625 bpw |  95.92 GiB |   284.33 B | ROCm       | 999 | 1.00/1.00/1.00/1.00 |        dio |           tg128 |         23.77 ± 0.00 |

build: 680a036 (265)

----------------------------------------------------------------------
ggml_cuda_init: found 4 ROCm devices (Total VRAM: 130496 MiB):
  Device 0: AMD Radeon AI PRO R9700, gfx1201 (0x1201), VMM: no, Wave Size: 32, VRAM: 32624 MiB
  Device 1: AMD Radeon AI PRO R9700, gfx1201 (0x1201), VMM: no, Wave Size: 32, VRAM: 32624 MiB
  Device 2: AMD Radeon AI PRO R9700, gfx1201 (0x1201), VMM: no, Wave Size: 32, VRAM: 32624 MiB
  Device 3: AMD Radeon AI PRO R9700, gfx1201 (0x1201), VMM: no, Wave Size: 32, VRAM: 32624 MiB
| model                          |       size |     params | backend    | ngl | ts           |         lm |            test |                  t/s |
| ------------------------------ | ---------: | ---------: | ---------- | --: | ------------ | ---------: | --------------: | -------------------: |
| deepseek4 ?B IQ3_XXS - 3.0625 bpw |  95.92 GiB |   284.33 B | ROCm       | 999 | 1.00/1.00/1.00/1.00 |        dio |           pp512 |        518.16 ± 0.00 |
| deepseek4 ?B IQ3_XXS - 3.0625 bpw |  95.92 GiB |   284.33 B | ROCm       | 999 | 1.00/1.00/1.00/1.00 |        dio |           tg128 |         24.08 ± 0.00 |

build: 680a036 (265)

----------------------------------------------------------------------
ggml_cuda_init: found 4 ROCm devices (Total VRAM: 130496 MiB):
  Device 0: AMD Radeon AI PRO R9700, gfx1201 (0x1201), VMM: no, Wave Size: 32, VRAM: 32624 MiB
  Device 1: AMD Radeon AI PRO R9700, gfx1201 (0x1201), VMM: no, Wave Size: 32, VRAM: 32624 MiB
  Device 2: AMD Radeon AI PRO R9700, gfx1201 (0x1201), VMM: no, Wave Size: 32, VRAM: 32624 MiB
  Device 3: AMD Radeon AI PRO R9700, gfx1201 (0x1201), VMM: no, Wave Size: 32, VRAM: 32624 MiB
| model                          |       size |     params | backend    | ngl | ts           |         lm |            test |                  t/s |
| ------------------------------ | ---------: | ---------: | ---------- | --: | ------------ | ---------: | --------------: | -------------------: |
| deepseek4 ?B IQ3_XXS - 3.0625 bpw |  95.92 GiB |   284.33 B | ROCm       | 999 | 1.00/1.00/1.00/1.00 |        dio |           pp512 |        520.45 ± 0.00 |
| deepseek4 ?B IQ3_XXS - 3.0625 bpw |  95.92 GiB |   284.33 B | ROCm       | 999 | 1.00/1.00/1.00/1.00 |        dio |           tg128 |         24.07 ± 0.00 |

build: 680a036 (265)

----------------------------------------------------------------------
ggml_cuda_init: found 4 ROCm devices (Total VRAM: 130496 MiB):
  Device 0: AMD Radeon AI PRO R9700, gfx1201 (0x1201), VMM: no, Wave Size: 32, VRAM: 32624 MiB
  Device 1: AMD Radeon AI PRO R9700, gfx1201 (0x1201), VMM: no, Wave Size: 32, VRAM: 32624 MiB
  Device 2: AMD Radeon AI PRO R9700, gfx1201 (0x1201), VMM: no, Wave Size: 32, VRAM: 32624 MiB
  Device 3: AMD Radeon AI PRO R9700, gfx1201 (0x1201), VMM: no, Wave Size: 32, VRAM: 32624 MiB
| model                          |       size |     params | backend    | ngl | ts           |         lm |            test |                  t/s |
| ------------------------------ | ---------: | ---------: | ---------- | --: | ------------ | ---------: | --------------: | -------------------: |
| deepseek4 ?B IQ3_XXS - 3.0625 bpw |  95.92 GiB |   284.33 B | ROCm       | 999 | 1.00/1.00/1.00/1.00 |        dio |          pp4096 |       1021.58 ± 0.00 |
| deepseek4 ?B IQ3_XXS - 3.0625 bpw |  95.92 GiB |   284.33 B | ROCm       | 999 | 1.00/1.00/1.00/1.00 |        dio |          tg1024 |         24.49 ± 0.00 |

build: 680a036 (265)

----------------------------------------------------------------------
ggml_cuda_init: found 4 ROCm devices (Total VRAM: 130496 MiB):
  Device 0: AMD Radeon AI PRO R9700, gfx1201 (0x1201), VMM: no, Wave Size: 32, VRAM: 32624 MiB
  Device 1: AMD Radeon AI PRO R9700, gfx1201 (0x1201), VMM: no, Wave Size: 32, VRAM: 32624 MiB
  Device 2: AMD Radeon AI PRO R9700, gfx1201 (0x1201), VMM: no, Wave Size: 32, VRAM: 32624 MiB
  Device 3: AMD Radeon AI PRO R9700, gfx1201 (0x1201), VMM: no, Wave Size: 32, VRAM: 32624 MiB
| model                          |       size |     params | backend    | ngl | ts           |         lm |            test |                  t/s |
| ------------------------------ | ---------: | ---------: | ---------- | --: | ------------ | ---------: | --------------: | -------------------: |
| deepseek4 ?B IQ3_XXS - 3.0625 bpw |  95.92 GiB |   284.33 B | ROCm       | 999 | 1.00/1.00/1.00/1.00 |        dio |          pp4096 |       1020.81 ± 0.00 |
| deepseek4 ?B IQ3_XXS - 3.0625 bpw |  95.92 GiB |   284.33 B | ROCm       | 999 | 1.00/1.00/1.00/1.00 |        dio |          tg1024 |         23.89 ± 0.00 |

build: 680a036 (265)

----------------------------------------------------------------------
ggml_cuda_init: found 4 ROCm devices (Total VRAM: 130496 MiB):
  Device 0: AMD Radeon AI PRO R9700, gfx1201 (0x1201), VMM: no, Wave Size: 32, VRAM: 32624 MiB
  Device 1: AMD Radeon AI PRO R9700, gfx1201 (0x1201), VMM: no, Wave Size: 32, VRAM: 32624 MiB
  Device 2: AMD Radeon AI PRO R9700, gfx1201 (0x1201), VMM: no, Wave Size: 32, VRAM: 32624 MiB
  Device 3: AMD Radeon AI PRO R9700, gfx1201 (0x1201), VMM: no, Wave Size: 32, VRAM: 32624 MiB
| model                          |       size |     params | backend    | ngl | ts           |         lm |            test |                  t/s |
| ------------------------------ | ---------: | ---------: | ---------- | --: | ------------ | ---------: | --------------: | -------------------: |
| deepseek4 ?B IQ3_XXS - 3.0625 bpw |  95.92 GiB |   284.33 B | ROCm       | 999 | 1.00/1.00/1.00/1.00 |        dio |          pp4096 |       1016.15 ± 0.00 |
| deepseek4 ?B IQ3_XXS - 3.0625 bpw |  95.92 GiB |   284.33 B | ROCm       | 999 | 1.00/1.00/1.00/1.00 |        dio |          tg1024 |         23.84 ± 0.00 |

build: 680a036 (265)

----------------------------------------------------------------------
